Archive member included to satisfy reference by file (symbol)

c:/st/stm32cubeide_1.8.0/stm32cubeide/plugins/com.st.stm32cube.ide.mcu.externaltools.gnu-tools-for-stm32.9-2020-q2-update.win32_2.0.0.202105311346/tools/bin/../lib/gcc/arm-none-eabi/9.3.1/../../../../arm-none-eabi/lib/thumb/v7e-m+fp/hard\libc_nano.a(lib_a-errno.o)
                              ./Core/Src/syscalls.o (__errno)
c:/st/stm32cubeide_1.8.0/stm32cubeide/plugins/com.st.stm32cube.ide.mcu.externaltools.gnu-tools-for-stm32.9-2020-q2-update.win32_2.0.0.202105311346/tools/bin/../lib/gcc/arm-none-eabi/9.3.1/../../../../arm-none-eabi/lib/thumb/v7e-m+fp/hard\libc_nano.a(lib_a-exit.o)
                              c:/st/stm32cubeide_1.8.0/stm32cubeide/plugins/com.st.stm32cube.ide.mcu.externaltools.gnu-tools-for-stm32.9-2020-q2-update.win32_2.0.0.202105311346/tools/bin/../lib/gcc/arm-none-eabi/9.3.1/../../../../arm-none-eabi/lib/thumb/v7e-m+fp/hard/crt0.o (exit)
c:/st/stm32cubeide_1.8.0/stm32cubeide/plugins/com.st.stm32cube.ide.mcu.externaltools.gnu-tools-for-stm32.9-2020-q2-update.win32_2.0.0.202105311346/tools/bin/../lib/gcc/arm-none-eabi/9.3.1/../../../../arm-none-eabi/lib/thumb/v7e-m+fp/hard\libc_nano.a(lib_a-impure.o)
                              c:/st/stm32cubeide_1.8.0/stm32cubeide/plugins/com.st.stm32cube.ide.mcu.externaltools.gnu-tools-for-stm32.9-2020-q2-update.win32_2.0.0.202105311346/tools/bin/../lib/gcc/arm-none-eabi/9.3.1/../../../../arm-none-eabi/lib/thumb/v7e-m+fp/hard\libc_nano.a(lib_a-exit.o) (_global_impure_ptr)
c:/st/stm32cubeide_1.8.0/stm32cubeide/plugins/com.st.stm32cube.ide.mcu.externaltools.gnu-tools-for-stm32.9-2020-q2-update.win32_2.0.0.202105311346/tools/bin/../lib/gcc/arm-none-eabi/9.3.1/../../../../arm-none-eabi/lib/thumb/v7e-m+fp/hard\libc_nano.a(lib_a-init.o)
                              c:/st/stm32cubeide_1.8.0/stm32cubeide/plugins/com.st.stm32cube.ide.mcu.externaltools.gnu-tools-for-stm32.9-2020-q2-update.win32_2.0.0.202105311346/tools/bin/../lib/gcc/arm-none-eabi/9.3.1/../../../../arm-none-eabi/lib/thumb/v7e-m+fp/hard/crt0.o (__libc_init_array)
c:/st/stm32cubeide_1.8.0/stm32cubeide/plugins/com.st.stm32cube.ide.mcu.externaltools.gnu-tools-for-stm32.9-2020-q2-update.win32_2.0.0.202105311346/tools/bin/../lib/gcc/arm-none-eabi/9.3.1/../../../../arm-none-eabi/lib/thumb/v7e-m+fp/hard\libc_nano.a(lib_a-memset.o)
                              c:/st/stm32cubeide_1.8.0/stm32cubeide/plugins/com.st.stm32cube.ide.mcu.externaltools.gnu-tools-for-stm32.9-2020-q2-update.win32_2.0.0.202105311346/tools/bin/../lib/gcc/arm-none-eabi/9.3.1/../../../../arm-none-eabi/lib/thumb/v7e-m+fp/hard/crt0.o (memset)
c:/st/stm32cubeide_1.8.0/stm32cubeide/plugins/com.st.stm32cube.ide.mcu.externaltools.gnu-tools-for-stm32.9-2020-q2-update.win32_2.0.0.202105311346/tools/bin/../lib/gcc/arm-none-eabi/9.3.1/thumb/v7e-m+fp/hard\libgcc.a(_arm_addsubdf3.o)
                              ./Core/Src/main.o (__aeabi_f2d)

Allocating common symbols
Common symbol       size              file

us1_start           0x4               ./Core/Src/main.o
us1_echo            0x4               ./Core/Src/main.o
remote_cmd          0x24              ./Core/Src/rc_input.o
htim17              0x4c              ./Core/Src/main.o
uwTick              0x4               ./Drivers/STM32F3xx_HAL_Driver/Src/stm32f3xx_hal.o
us3_start           0x4               ./Core/Src/main.o
pFlash              0x20              ./Drivers/STM32F3xx_HAL_Driver/Src/stm32f3xx_hal_flash.o
remote_raw_data     0x12              ./Core/Src/rc_input.o
us2_echo            0x4               ./Core/Src/main.o
distance            0x8               ./Core/Src/main.o
button              0x4               ./Core/Src/main.o
us2_start           0x4               ./Core/Src/main.o
hdma_usart1_rx      0x44              ./Core/Src/main.o
huart1              0x84              ./Core/Src/main.o
htim6               0x4c              ./Core/Src/main.o
htim1               0x4c              ./Core/Src/main.o
us4_echo            0x4               ./Core/Src/main.o
us4_start           0x4               ./Core/Src/main.o
htim2               0x4c              ./Core/Src/main.o
us3_echo            0x4               ./Core/Src/main.o
huart2              0x84              ./Core/Src/main.o

Discarded input sections

 .text          0x0000000000000000        0x0 c:/st/stm32cubeide_1.8.0/stm32cubeide/plugins/com.st.stm32cube.ide.mcu.externaltools.gnu-tools-for-stm32.9-2020-q2-update.win32_2.0.0.202105311346/tools/bin/../lib/gcc/arm-none-eabi/9.3.1/thumb/v7e-m+fp/hard/crti.o
 .data          0x0000000000000000        0x0 c:/st/stm32cubeide_1.8.0/stm32cubeide/plugins/com.st.stm32cube.ide.mcu.externaltools.gnu-tools-for-stm32.9-2020-q2-update.win32_2.0.0.202105311346/tools/bin/../lib/gcc/arm-none-eabi/9.3.1/thumb/v7e-m+fp/hard/crti.o
[...]
Memory Configuration

Name             Origin             Length             Attributes
RAM              0x0000000020000000 0x0000000000004000 xrw
FLASH            0x0000000008000000 0x0000000000010000 xr
*default*        0x0000000000000000 0xffffffffffffffff

Linker script and memory map

LOAD c:/st/stm32cubeide_1.8.0/stm32cubeide/plugins/com.st.stm32cube.ide.mcu.externaltools.gnu-tools-for-stm32.9-2020-q2-update.win32_2.0.0.202105311346/tools/bin/../lib/gcc/arm-none-eabi/9.3.1/thumb/v7e-m+fp/hard/crti.o
LOAD c:/st/stm32cubeide_1.8.0/stm32cubeide/plugins/com.st.stm32cube.ide.mcu.externaltools.gnu-tools-for-stm32.9-2020-q2-update.win32_2.0.0.202105311346/tools/bin/../lib/gcc/arm-none-eabi/9.3.1/thumb/v7e-m+fp/hard/crtbegin.o
LOAD c:/st/stm32cubeide_1.8.0/stm32cubeide/plugins/com.st.stm32cube.ide.mcu.externaltools.gnu-tools-for-stm32.9-2020-q2-update.win32_2.0.0.202105311346/tools/bin/../lib/gcc/arm-none-eabi/9.3.1/../../../../arm-none-eabi/lib/thumb/v7e-m+fp/hard/crt0.o
LOAD ./Core/Src/main.o
LOAD ./Core/Src/rc_input.o
LOAD ./Core/Src/stm32f3xx_hal_msp.o
LOAD ./Core/Src/stm32f3xx_it.o
LOAD ./Core/Src/syscalls.o
LOAD ./Core/Src/sysmem.o
LOAD ./Core/Src/system_stm32f3xx.o
LOAD ./Core/Startup/startup_stm32f302r8tx.o
LOAD ./Drivers/STM32F3xx_HAL_Driver/Src/stm32f3xx_hal.o
LOAD ./Drivers/STM32F3xx_HAL_Driver/Src/stm32f3xx_hal_cortex.o
LOAD ./Drivers/STM32F3xx_HAL_Driver/Src/stm32f3xx_hal_dma.o
LOAD ./Drivers/STM32F3xx_HAL_Driver/Src/stm32f3xx_hal_exti.o
LOAD ./Drivers/STM32F3xx_HAL_Driver/Src/stm32f3xx_hal_flash.o
LOAD ./Drivers/STM32F3xx_HAL_Driver/Src/stm32f3xx_hal_flash_ex.o
LOAD ./Drivers/STM32F3xx_HAL_Driver/Src/stm32f3xx_hal_gpio.o
LOAD ./Drivers/STM32F3xx_HAL_Driver/Src/stm32f3xx_hal_i2c.o
LOAD ./Drivers/STM32F3xx_HAL_Driver/Src/stm32f3xx_hal_i2c_ex.o
LOAD ./Drivers/STM32F3xx_HAL_Driver/Src/stm32f3xx_hal_pwr.o
LOAD ./Drivers/STM32F3xx_HAL_Driver/Src/stm32f3xx_hal_pwr_ex.o
LOAD ./Drivers/STM32F3xx_HAL_Driver/Src/stm32f3xx_hal_rcc.o
LOAD ./Drivers/STM32F3xx_HAL_Driver/Src/stm32f3xx_hal_rcc_ex.o
LOAD ./Drivers/STM32F3xx_HAL_Driver/Src/stm32f3xx_hal_tim.o
LOAD ./Drivers/STM32F3xx_HAL_Driver/Src/stm32f3xx_hal_tim_ex.o
LOAD ./Drivers/STM32F3xx_HAL_Driver/Src/stm32f3xx_hal_uart.o
LOAD ./Drivers/STM32F3xx_HAL_Driver/Src/stm32f3xx_hal_uart_ex.o
START GROUP
LOAD c:/st/stm32cubeide_1.8.0/stm32cubeide/plugins/com.st.stm32cube.ide.mcu.externaltools.gnu-tools-for-stm32.9-2020-q2-update.win32_2.0.0.202105311346/tools/bin/../lib/gcc/arm-none-eabi/9.3.1/../../../../arm-none-eabi/lib/thumb/v7e-m+fp/hard\libc_nano.a
LOAD c:/st/stm32cubeide_1.8.0/stm32cubeide/plugins/com.st.stm32cube.ide.mcu.externaltools.gnu-tools-for-stm32.9-2020-q2-update.win32_2.0.0.202105311346/tools/bin/../lib/gcc/arm-none-eabi/9.3.1/../../../../arm-none-eabi/lib/thumb/v7e-m+fp/hard\libm.a
END GROUP
START GROUP
LOAD c:/st/stm32cubeide_1.8.0/stm32cubeide/plugins/com.st.stm32cube.ide.mcu.externaltools.gnu-tools-for-stm32.9-2020-q2-update.win32_2.0.0.202105311346/tools/bin/../lib/gcc/arm-none-eabi/9.3.1/thumb/v7e-m+fp/hard\libgcc.a
LOAD c:/st/stm32cubeide_1.8.0/stm32cubeide/plugins/com.st.stm32cube.ide.mcu.externaltools.gnu-tools-for-stm32.9-2020-q2-update.win32_2.0.0.202105311346/tools/bin/../lib/gcc/arm-none-eabi/9.3.1/../../../../arm-none-eabi/lib/thumb/v7e-m+fp/hard\libc_nano.a
END GROUP
START GROUP
LOAD c:/st/stm32cubeide_1.8.0/stm32cubeide/plugins/com.st.stm32cube.ide.mcu.externaltools.gnu-tools-for-stm32.9-2020-q2-update.win32_2.0.0.202105311346/tools/bin/../lib/gcc/arm-none-eabi/9.3.1/thumb/v7e-m+fp/hard\libgcc.a
LOAD c:/st/stm32cubeide_1.8.0/stm32cubeide/plugins/com.st.stm32cube.ide.mcu.externaltools.gnu-tools-for-stm32.9-2020-q2-update.win32_2.0.0.202105311346/tools/bin/../lib/gcc/arm-none-eabi/9.3.1/../../../../arm-none-eabi/lib/thumb/v7e-m+fp/hard\libc_nano.a
LOAD c:/st/stm32cubeide_1.8.0/stm32cubeide/plugins/com.st.stm32cube.ide.mcu.externaltools.gnu-tools-for-stm32.9-2020-q2-update.win32_2.0.0.202105311346/tools/bin/../lib/gcc/arm-none-eabi/9.3.1/../../../../arm-none-eabi/lib/thumb/v7e-m+fp/hard\libnosys.a
END GROUP
START GROUP
LOAD c:/st/stm32cubeide_1.8.0/stm32cubeide/plugins/com.st.stm32cube.ide.mcu.externaltools.gnu-tools-for-stm32.9-2020-q2-update.win32_2.0.0.202105311346/tools/bin/../lib/gcc/arm-none-eabi/9.3.1/thumb/v7e-m+fp/hard\libgcc.a
LOAD c:/st/stm32cubeide_1.8.0/stm32cubeide/plugins/com.st.stm32cube.ide.mcu.externaltools.gnu-tools-for-stm32.9-2020-q2-update.win32_2.0.0.202105311346/tools/bin/../lib/gcc/arm-none-eabi/9.3.1/../../../../arm-none-eabi/lib/thumb/v7e-m+fp/hard\libc_nano.a
LOAD c:/st/stm32cubeide_1.8.0/stm32cubeide/plugins/com.st.stm32cube.ide.mcu.externaltools.gnu-tools-for-stm32.9-2020-q2-update.win32_2.0.0.202105311346/tools/bin/../lib/gcc/arm-none-eabi/9.3.1/../../../../arm-none-eabi/lib/thumb/v7e-m+fp/hard\libnosys.a
END GROUP
LOAD c:/st/stm32cubeide_1.8.0/stm32cubeide/plugins/com.st.stm32cube.ide.mcu.externaltools.gnu-tools-for-stm32.9-2020-q2-update.win32_2.0.0.202105311346/tools/bin/../lib/gcc/arm-none-eabi/9.3.1/thumb/v7e-m+fp/hard/crtend.o
LOAD c:/st/stm32cubeide_1.8.0/stm32cubeide/plugins/com.st.stm32cube.ide.mcu.externaltools.gnu-tools-for-stm32.9-2020-q2-update.win32_2.0.0.202105311346/tools/bin/../lib/gcc/arm-none-eabi/9.3.1/thumb/v7e-m+fp/hard/crtn.o
                0x0000000020004000                _estack = (ORIGIN (RAM) + LENGTH (RAM))
                0x0000000000000200                _Min_Heap_Size = 0x200
                0x0000000000000400                _Min_Stack_Size = 0x400

.isr_vector     0x0000000008000000      0x188
                0x0000000008000000                . = ALIGN (0x4)
 *(.isr_vector)
 .isr_vector    0x0000000008000000      0x188 ./Core/Startup/startup_stm32f302r8tx.o
                0x0000000008000000                g_pfnVectors
                0x0000000008000188                . = ALIGN (0x4)

.text           0x0000000008000188     0x55a0
                0x0000000008000188                . = ALIGN (0x4)
 *(.text)
 .text          0x0000000008000188       0x40 c:/st/stm32cubeide_1.8.0/stm32cubeide/plugins/com.st.stm32cube.ide.mcu.externaltools.gnu-tools-for-stm32.9-2020-q2-update.win32_2.0.0.202105311346/tools/bin/../lib/gcc/arm-none-eabi/9.3.1/thumb/v7e-m+fp/hard/crtbegin.o
 .text          0x00000000080001c8      0x378 c:/st/stm32cubeide_1.8.0/stm32cubeide/plugins/com.st.stm32cube.ide.mcu.externaltools.gnu-tools-for-stm32.9-2020-q2-update.win32_2.0.0.202105311346/tools/bin/../lib/gcc/arm-none-eabi/9.3.1/thumb/v7e-m+fp/hard\libgcc.a(_arm_addsubdf3.o)
                0x00000000080001c8                __aeabi_drsub
                0x00000000080001d0                __aeabi_dsub
                0x00000000080001d0                __subdf3
                0x00000000080001d4                __aeabi_dadd
                0x00000000080001d4                __adddf3
                0x000000000800044c                __floatunsidf
                0x000000000800044c                __aeabi_ui2d
                0x000000000800046c                __floatsidf
                0x000000000800046c                __aeabi_i2d
                0x0000000008000490                __aeabi_f2d
                0x0000000008000490                __extendsfdf2
                0x00000000080004d4                __floatundidf
                0x00000000080004d4                __aeabi_ul2d
                0x00000000080004e4                __floatdidf
                0x00000000080004e4                __aeabi_l2d
 *(.text*)
 .text.Stop     0x0000000008000540       0x34 ./Core/Src/main.o
                0x0000000008000540                Stop
 .text.moveForward
                0x0000000008000574       0x44 ./Core/Src/main.o
                0x0000000008000574                moveForward
 .text.rotateLeft
                0x00000000080005b8       0x3c ./Core/Src/main.o
                0x00000000080005b8                rotateLeft
 .text.rotateRight
                0x00000000080005f4       0x3c ./Core/Src/main.o
                0x00000000080005f4                rotateRight
 .text.HAL_GPIO_EXTI_Callback
                0x0000000008000630      0x1ac ./Core/Src/main.o
                0x0000000008000630                HAL_GPIO_EXTI_Callback
 .text.move     0x00000000080007dc       0xd4 ./Core/Src/main.o
                0x00000000080007dc                move
 .text.main     0x00000000080008b0      0x130 ./Core/Src/main.o
                0x00000000080008b0                main
 .text.SystemClock_Config
                0x00000000080009e0       0xc0 ./Core/Src/main.o
                0x00000000080009e0                SystemClock_Config
 .text.MX_TIM1_Init
                0x0000000008000aa0      0x168 ./Core/Src/main.o
 .text.MX_TIM2_Init
                0x0000000008000c08       0x9c ./Core/Src/main.o
 .text.MX_TIM6_Init
                0x0000000008000ca4       0x6c ./Core/Src/main.o
 .text.MX_TIM17_Init
                0x0000000008000d10       0xf4 ./Core/Src/main.o
 .text.MX_USART1_UART_Init
                0x0000000008000e04       0x64 ./Core/Src/main.o
 .text.MX_USART2_UART_Init
                0x0000000008000e68       0x60 ./Core/Src/main.o
 .text.MX_DMA_Init
                0x0000000008000ec8       0x3c ./Core/Src/main.o
 .text.MX_GPIO_Init
                0x0000000008000f04      0x168 ./Core/Src/main.o
 .text.Error_Handler
                0x000000000800106c        0xa ./Core/Src/main.o
                0x000000000800106c                Error_Handler
 *fill*         0x0000000008001076        0x2 
 .text.dbus_rx_cplt
                0x0000000008001078      0x1b0 ./Core/Src/rc_input.o
                0x0000000008001078                dbus_rx_cplt
 .text.rc_start
                0x0000000008001228      0x130 ./Core/Src/rc_input.o
                0x0000000008001228                rc_start
 .text.HAL_MspInit
                0x0000000008001358       0x48 ./Core/Src/stm32f3xx_hal_msp.o
                0x0000000008001358                HAL_MspInit
 .text.HAL_TIM_PWM_MspInit
                0x00000000080013a0       0x40 ./Core/Src/stm32f3xx_hal_msp.o
                0x00000000080013a0                HAL_TIM_PWM_MspInit
 .text.HAL_TIM_Base_MspInit
                0x00000000080013e0       0x8c ./Core/Src/stm32f3xx_hal_msp.o
                0x00000000080013e0                HAL_TIM_Base_MspInit
 .text.HAL_TIM_MspPostInit
                0x000000000800146c       0xb8 ./Core/Src/stm32f3xx_hal_msp.o
                0x000000000800146c                HAL_TIM_MspPostInit
 .text.HAL_UART_MspInit
                0x0000000008001524      0x188 ./Core/Src/stm32f3xx_hal_msp.o
                0x0000000008001524                HAL_UART_MspInit
 .text.NMI_Handler
                0x00000000080016ac        0x6 ./Core/Src/stm32f3xx_it.o
                0x00000000080016ac                NMI_Handler
 .text.HardFault_Handler
                0x00000000080016b2        0x6 ./Core/Src/stm32f3xx_it.o
                0x00000000080016b2                HardFault_Handler
 .text.MemManage_Handler
                0x00000000080016b8        0x6 ./Core/Src/stm32f3xx_it.o
                0x00000000080016b8                MemManage_Handler
 .text.BusFault_Handler
                0x00000000080016be        0x6 ./Core/Src/stm32f3xx_it.o
                0x00000000080016be                BusFault_Handler
 .text.UsageFault_Handler
                0x00000000080016c4        0x6 ./Core/Src/stm32f3xx_it.o
                0x00000000080016c4                UsageFault_Handler
 .text.SVC_Handler
                0x00000000080016ca        0xe ./Core/Src/stm32f3xx_it.o
                0x00000000080016ca                SVC_Handler
 .text.DebugMon_Handler
                0x00000000080016d8        0xe ./Core/Src/stm32f3xx_it.o
                0x00000000080016d8                DebugMon_Handler
 .text.PendSV_Handler
                0x00000000080016e6        0xe ./Core/Src/stm32f3xx_it.o
                0x00000000080016e6                PendSV_Handler
 .text.SysTick_Handler
                0x00000000080016f4        0xc ./Core/Src/stm32f3xx_it.o
                0x00000000080016f4                SysTick_Handler
 .text.EXTI4_IRQHandler
                0x0000000008001700        0xe ./Core/Src/stm32f3xx_it.o
                0x0000000008001700                EXTI4_IRQHandler
 *fill*         0x000000000800170e        0x2 
 .text.DMA1_Channel5_IRQHandler
                0x0000000008001710       0x14 ./Core/Src/stm32f3xx_it.o
                0x0000000008001710                DMA1_Channel5_IRQHandler
 .text.EXTI9_5_IRQHandler
                0x0000000008001724       0x18 ./Core/Src/stm32f3xx_it.o
                0x0000000008001724                EXTI9_5_IRQHandler
 .text.USART1_IRQHandler
                0x000000000800173c       0x14 ./Core/Src/stm32f3xx_it.o
                0x000000000800173c                USART1_IRQHandler
 .text.EXTI15_10_IRQHandler
                0x0000000008001750       0x18 ./Core/Src/stm32f3xx_it.o
                0x0000000008001750                EXTI15_10_IRQHandler
 .text.SystemInit
                0x0000000008001768       0x24 ./Core/Src/system_stm32f3xx.o
                0x0000000008001768                SystemInit
 .text.Reset_Handler
                0x000000000800178c       0x50 ./Core/Startup/startup_stm32f302r8tx.o
                0x000000000800178c                Reset_Handler
 .text.Default_Handler
                0x00000000080017dc        0x2 ./Core/Startup/startup_stm32f302r8tx.o
                0x00000000080017dc                RTC_Alarm_IRQHandler
                0x00000000080017dc                TIM1_CC_IRQHandler
                0x00000000080017dc                USB_HP_IRQHandler
                0x00000000080017dc                PVD_IRQHandler
                0x00000000080017dc                TAMP_STAMP_IRQHandler
                0x00000000080017dc                EXTI3_IRQHandler
                0x00000000080017dc                I2C3_ER_IRQHandler
                0x00000000080017dc                USB_HP_CAN_TX_IRQHandler
                0x00000000080017dc                EXTI0_IRQHandler
                0x00000000080017dc                I2C2_EV_IRQHandler
                0x00000000080017dc                FPU_IRQHandler
                0x00000000080017dc                TIM1_UP_TIM16_IRQHandler
                0x00000000080017dc                CAN_SCE_IRQHandler
                0x00000000080017dc                TIM6_DAC_IRQHandler
                0x00000000080017dc                DMA1_Channel4_IRQHandler
                0x00000000080017dc                ADC1_IRQHandler
                0x00000000080017dc                USART3_IRQHandler
                0x00000000080017dc                DMA1_Channel7_IRQHandler
                0x00000000080017dc                CAN_RX1_IRQHandler
                0x00000000080017dc                I2C1_EV_IRQHandler
                0x00000000080017dc                DMA1_Channel6_IRQHandler
                0x00000000080017dc                RCC_IRQHandler
                0x00000000080017dc                DMA1_Channel1_IRQHandler
                0x00000000080017dc                Default_Handler
                0x00000000080017dc                USBWakeUp_RMP_IRQHandler
                0x00000000080017dc                COMP2_IRQHandler
                0x00000000080017dc                I2C3_EV_IRQHandler
                0x00000000080017dc                RTC_WKUP_IRQHandler
                0x00000000080017dc                SPI2_IRQHandler
                0x00000000080017dc                USB_LP_CAN_RX0_IRQHandler
                0x00000000080017dc                USB_LP_IRQHandler
                0x00000000080017dc                TIM1_TRG_COM_TIM17_IRQHandler
                0x00000000080017dc                DMA1_Channel3_IRQHandler
                0x00000000080017dc                WWDG_IRQHandler
                0x00000000080017dc                TIM2_IRQHandler
                0x00000000080017dc                EXTI1_IRQHandler
                0x00000000080017dc                COMP4_6_IRQHandler
                0x00000000080017dc                USART2_IRQHandler
                0x00000000080017dc                I2C2_ER_IRQHandler
                0x00000000080017dc                DMA1_Channel2_IRQHandler
                0x00000000080017dc                FLASH_IRQHandler
                0x00000000080017dc                SPI3_IRQHandler
                0x00000000080017dc                I2C1_ER_IRQHandler
                0x00000000080017dc                USBWakeUp_IRQHandler
                0x00000000080017dc                EXTI2_TSC_IRQHandler
                0x00000000080017dc                TIM1_BRK_TIM15_IRQHandler
 *fill*         0x00000000080017de        0x2 
 .text.HAL_Init
                0x00000000080017e0       0x2c ./Drivers/STM32F3xx_HAL_Driver/Src/stm32f3xx_hal.o
                0x00000000080017e0                HAL_Init
 .text.HAL_InitTick
                0x000000000800180c       0x60 ./Drivers/STM32F3xx_HAL_Driver/Src/stm32f3xx_hal.o
                0x000000000800180c                HAL_InitTick
 .text.HAL_IncTick
                0x000000000800186c       0x28 ./Drivers/STM32F3xx_HAL_Driver/Src/stm32f3xx_hal.o
                0x000000000800186c                HAL_IncTick
 .text.HAL_GetTick
                0x0000000008001894       0x18 ./Drivers/STM32F3xx_HAL_Driver/Src/stm32f3xx_hal.o
                0x0000000008001894                HAL_GetTick
 .text.HAL_Delay
                0x00000000080018ac       0x48 ./Drivers/STM32F3xx_HAL_Driver/Src/stm32f3xx_hal.o
                0x00000000080018ac                HAL_Delay
 .text.__NVIC_SetPriorityGrouping
                0x00000000080018f4       0x48 ./Drivers/STM32F3xx_HAL_Driver/Src/stm32f3xx_hal_cortex.o
 .text.__NVIC_GetPriorityGrouping
                0x000000000800193c       0x1c ./Drivers/STM32F3xx_HAL_Driver/Src/stm32f3xx_hal_cortex.o
 .text.__NVIC_EnableIRQ
                0x0000000008001958       0x3c ./Drivers/STM32F3xx_HAL_Driver/Src/stm32f3xx_hal_cortex.o
 .text.__NVIC_SetPriority
                0x0000000008001994       0x54 ./Drivers/STM32F3xx_HAL_Driver/Src/stm32f3xx_hal_cortex.o
 .text.NVIC_EncodePriority
                0x00000000080019e8       0x66 ./Drivers/STM32F3xx_HAL_Driver/Src/stm32f3xx_hal_cortex.o
 *fill*         0x0000000008001a4e        0x2 
 .text.SysTick_Config
                0x0000000008001a50       0x44 ./Drivers/STM32F3xx_HAL_Driver/Src/stm32f3xx_hal_cortex.o
 .text.HAL_NVIC_SetPriorityGrouping
                0x0000000008001a94       0x16 ./Drivers/STM32F3xx_HAL_Driver/Src/stm32f3xx_hal_cortex.o
                0x0000000008001a94                HAL_NVIC_SetPriorityGrouping
 .text.HAL_NVIC_SetPriority
                0x0000000008001aaa       0x38 ./Drivers/STM32F3xx_HAL_Driver/Src/stm32f3xx_hal_cortex.o
                0x0000000008001aaa                HAL_NVIC_SetPriority
 .text.HAL_NVIC_EnableIRQ
                0x0000000008001ae2       0x1c ./Drivers/STM32F3xx_HAL_Driver/Src/stm32f3xx_hal_cortex.o
                0x0000000008001ae2                HAL_NVIC_EnableIRQ
 .text.HAL_SYSTICK_Config
                0x0000000008001afe       0x18 ./Drivers/STM32F3xx_HAL_Driver/Src/stm32f3xx_hal_cortex.o
                0x0000000008001afe                HAL_SYSTICK_Config
 .text.HAL_DMA_Init
                0x0000000008001b16       0x8e ./Drivers/STM32F3xx_HAL_Driver/Src/stm32f3xx_hal_dma.o
                0x0000000008001b16                HAL_DMA_Init
 .text.HAL_DMA_Start_IT
                0x0000000008001ba4       0xbe ./Drivers/STM32F3xx_HAL_Driver/Src/stm32f3xx_hal_dma.o
                0x0000000008001ba4                HAL_DMA_Start_IT
 .text.HAL_DMA_Abort
                0x0000000008001c62       0x72 ./Drivers/STM32F3xx_HAL_Driver/Src/stm32f3xx_hal_dma.o
                0x0000000008001c62                HAL_DMA_Abort
 .text.HAL_DMA_Abort_IT
                0x0000000008001cd4       0x7c ./Drivers/STM32F3xx_HAL_Driver/Src/stm32f3xx_hal_dma.o
                0x0000000008001cd4                HAL_DMA_Abort_IT
 .text.HAL_DMA_IRQHandler
                0x0000000008001d50      0x146 ./Drivers/STM32F3xx_HAL_Driver/Src/stm32f3xx_hal_dma.o
                0x0000000008001d50                HAL_DMA_IRQHandler
 .text.DMA_SetConfig
                0x0000000008001e96       0x5c ./Drivers/STM32F3xx_HAL_Driver/Src/stm32f3xx_hal_dma.o
 *fill*         0x0000000008001ef2        0x2 
 .text.DMA_CalcBaseAndBitshift
                0x0000000008001ef4       0x40 ./Drivers/STM32F3xx_HAL_Driver/Src/stm32f3xx_hal_dma.o
 .text.HAL_GPIO_Init
                0x0000000008001f34      0x2e4 ./Drivers/STM32F3xx_HAL_Driver/Src/stm32f3xx_hal_gpio.o
                0x0000000008001f34                HAL_GPIO_Init
 .text.HAL_GPIO_WritePin
                0x0000000008002218       0x30 ./Drivers/STM32F3xx_HAL_Driver/Src/stm32f3xx_hal_gpio.o
                0x0000000008002218                HAL_GPIO_WritePin
 .text.HAL_GPIO_EXTI_IRQHandler
                0x0000000008002248       0x30 ./Drivers/STM32F3xx_HAL_Driver/Src/stm32f3xx_hal_gpio.o
                0x0000000008002248                HAL_GPIO_EXTI_IRQHandler
 .text.HAL_RCC_OscConfig
                0x0000000008002278      0xe10 ./Drivers/STM32F3xx_HAL_Driver/Src/stm32f3xx_hal_rcc.o
                0x0000000008002278                HAL_RCC_OscConfig
 .text.HAL_RCC_ClockConfig
                0x0000000008003088      0x2f8 ./Drivers/STM32F3xx_HAL_Driver/Src/stm32f3xx_hal_rcc.o
                0x0000000008003088                HAL_RCC_ClockConfig
 .text.HAL_RCC_GetSysClockFreq
                0x0000000008003380       0xd4 ./Drivers/STM32F3xx_HAL_Driver/Src/stm32f3xx_hal_rcc.o
                0x0000000008003380                HAL_RCC_GetSysClockFreq
 .text.HAL_RCC_GetHCLKFreq
                0x0000000008003454       0x18 ./Drivers/STM32F3xx_HAL_Driver/Src/stm32f3xx_hal_rcc.o
                0x0000000008003454                HAL_RCC_GetHCLKFreq
 .text.HAL_RCC_GetPCLK1Freq
                0x000000000800346c       0x44 ./Drivers/STM32F3xx_HAL_Driver/Src/stm32f3xx_hal_rcc.o
                0x000000000800346c                HAL_RCC_GetPCLK1Freq
 .text.HAL_RCC_GetPCLK2Freq
                0x00000000080034b0       0x44 ./Drivers/STM32F3xx_HAL_Driver/Src/stm32f3xx_hal_rcc.o
                0x00000000080034b0                HAL_RCC_GetPCLK2Freq
 .text.HAL_RCCEx_PeriphCLKConfig
                0x00000000080034f4      0x324 ./Drivers/STM32F3xx_HAL_Driver/Src/stm32f3xx_hal_rcc_ex.o
                0x00000000080034f4                HAL_RCCEx_PeriphCLKConfig
 .text.HAL_TIM_Base_Init
                0x0000000008003818       0xae ./Drivers/STM32F3xx_HAL_Driver/Src/stm32f3xx_hal_tim.o
                0x0000000008003818                HAL_TIM_Base_Init
 *fill*         0x00000000080038c6        0x2 
 .text.HAL_TIM_Base_Start
                0x00000000080038c8       0x98 ./Drivers/STM32F3xx_HAL_Driver/Src/stm32f3xx_hal_tim.o
                0x00000000080038c8                HAL_TIM_Base_Start
 .text.HAL_TIM_PWM_Init
                0x0000000008003960       0xae ./Drivers/STM32F3xx_HAL_Driver/Src/stm32f3xx_hal_tim.o
                0x0000000008003960                HAL_TIM_PWM_Init
 *fill*         0x0000000008003a0e        0x2 
 .text.HAL_TIM_PWM_Start
                0x0000000008003a10      0x1cc ./Drivers/STM32F3xx_HAL_Driver/Src/stm32f3xx_hal_tim.o
                0x0000000008003a10                HAL_TIM_PWM_Start
 .text.HAL_TIM_PWM_ConfigChannel
                0x0000000008003bdc      0x228 ./Drivers/STM32F3xx_HAL_Driver/Src/stm32f3xx_hal_tim.o
                0x0000000008003bdc                HAL_TIM_PWM_ConfigChannel
 .text.HAL_TIM_ConfigClockSource
                0x0000000008003e04      0x192 ./Drivers/STM32F3xx_HAL_Driver/Src/stm32f3xx_hal_tim.o
                0x0000000008003e04                HAL_TIM_ConfigClockSource
 *fill*         0x0000000008003f96        0x2 
 .text.TIM_Base_SetConfig
                0x0000000008003f98       0xdc ./Drivers/STM32F3xx_HAL_Driver/Src/stm32f3xx_hal_tim.o
                0x0000000008003f98                TIM_Base_SetConfig
 .text.TIM_OC1_SetConfig
                0x0000000008004074      0x10c ./Drivers/STM32F3xx_HAL_Driver/Src/stm32f3xx_hal_tim.o
 .text.TIM_OC2_SetConfig
                0x0000000008004180      0x100 ./Drivers/STM32F3xx_HAL_Driver/Src/stm32f3xx_hal_tim.o
                0x0000000008004180                TIM_OC2_SetConfig
 .text.TIM_OC3_SetConfig
                0x0000000008004280       0xfc ./Drivers/STM32F3xx_HAL_Driver/Src/stm32f3xx_hal_tim.o
 .text.TIM_OC4_SetConfig
                0x000000000800437c       0xc8 ./Drivers/STM32F3xx_HAL_Driver/Src/stm32f3xx_hal_tim.o
 .text.TIM_OC5_SetConfig
                0x0000000008004444       0xbc ./Drivers/STM32F3xx_HAL_Driver/Src/stm32f3xx_hal_tim.o
 .text.TIM_OC6_SetConfig
                0x0000000008004500       0xc0 ./Drivers/STM32F3xx_HAL_Driver/Src/stm32f3xx_hal_tim.o
 .text.TIM_TI1_ConfigInputStage
                0x00000000080045c0       0x5e ./Drivers/STM32F3xx_HAL_Driver/Src/stm32f3xx_hal_tim.o
 .text.TIM_TI2_ConfigInputStage
                0x000000000800461e       0x60 ./Drivers/STM32F3xx_HAL_Driver/Src/stm32f3xx_hal_tim.o
 .text.TIM_ITRx_SetConfig
                0x000000000800467e       0x36 ./Drivers/STM32F3xx_HAL_Driver/Src/stm32f3xx_hal_tim.o
 .text.TIM_ETR_SetConfig
                0x00000000080046b4       0x40 ./Drivers/STM32F3xx_HAL_Driver/Src/stm32f3xx_hal_tim.o
                0x00000000080046b4                TIM_ETR_SetConfig
 .text.TIM_CCxChannelCmd
                0x00000000080046f4       0x4a ./Drivers/STM32F3xx_HAL_Driver/Src/stm32f3xx_hal_tim.o
                0x00000000080046f4                TIM_CCxChannelCmd
 *fill*         0x000000000800473e        0x2 
 .text.HAL_TIMEx_MasterConfigSynchronization
                0x0000000008004740       0xcc ./Drivers/STM32F3xx_HAL_Driver/Src/stm32f3xx_hal_tim_ex.o
                0x0000000008004740                HAL_TIMEx_MasterConfigSynchronization
 .text.HAL_TIMEx_ConfigBreakDeadTime
                0x000000000800480c       0xf0 ./Drivers/STM32F3xx_HAL_Driver/Src/stm32f3xx_hal_tim_ex.o
                0x000000000800480c                HAL_TIMEx_ConfigBreakDeadTime
 .text.HAL_UART_Init
                0x00000000080048fc       0x9c ./Drivers/STM32F3xx_HAL_Driver/Src/stm32f3xx_hal_uart.o
                0x00000000080048fc                HAL_UART_Init
 .text.HAL_UART_IRQHandler
                0x0000000008004998      0x5bc ./Drivers/STM32F3xx_HAL_Driver/Src/stm32f3xx_hal_uart.o
                0x0000000008004998                HAL_UART_IRQHandler
 .text.HAL_UART_TxCpltCallback
                0x0000000008004f54       0x14 ./Drivers/STM32F3xx_HAL_Driver/Src/stm32f3xx_hal_uart.o
                0x0000000008004f54                HAL_UART_TxCpltCallback
 .text.HAL_UART_ErrorCallback
                0x0000000008004f68       0x14 ./Drivers/STM32F3xx_HAL_Driver/Src/stm32f3xx_hal_uart.o
                0x0000000008004f68                HAL_UART_ErrorCallback
 .text.HAL_UARTEx_RxEventCallback
                0x0000000008004f7c       0x18 ./Drivers/STM32F3xx_HAL_Driver/Src/stm32f3xx_hal_uart.o
                0x0000000008004f7c                HAL_UARTEx_RxEventCallback
 .text.UART_SetConfig
                0x0000000008004f94      0x26c ./Drivers/STM32F3xx_HAL_Driver/Src/stm32f3xx_hal_uart.o
                0x0000000008004f94                UART_SetConfig
 .text.UART_AdvFeatureConfig
                0x0000000008005200      0x144 ./Drivers/STM32F3xx_HAL_Driver/Src/stm32f3xx_hal_uart.o
                0x0000000008005200                UART_AdvFeatureConfig
 .text.UART_CheckIdleState
                0x0000000008005344       0x92 ./Drivers/STM32F3xx_HAL_Driver/Src/stm32f3xx_hal_uart.o
                0x0000000008005344                UART_CheckIdleState
 .text.UART_WaitOnFlagUntilTimeout
                0x00000000080053d6      0x188 ./Drivers/STM32F3xx_HAL_Driver/Src/stm32f3xx_hal_uart.o
                0x00000000080053d6                UART_WaitOnFlagUntilTimeout
 .text.UART_EndRxTransfer
                0x000000000800555e       0xc6 ./Drivers/STM32F3xx_HAL_Driver/Src/stm32f3xx_hal_uart.o
 .text.UART_DMAAbortOnError
                0x0000000008005624       0x2c ./Drivers/STM32F3xx_HAL_Driver/Src/stm32f3xx_hal_uart.o
 .text.UART_EndTransmit_IT
                0x0000000008005650       0x54 ./Drivers/STM32F3xx_HAL_Driver/Src/stm32f3xx_hal_uart.o
 .text.HAL_UARTEx_WakeupCallback
                0x00000000080056a4       0x14 ./Drivers/STM32F3xx_HAL_Driver/Src/stm32f3xx_hal_uart_ex.o
                0x00000000080056a4                HAL_UARTEx_WakeupCallback
 .text.__libc_init_array
                0x00000000080056b8       0x48 c:/st/stm32cubeide_1.8.0/stm32cubeide/plugins/com.st.stm32cube.ide.mcu.externaltools.gnu-tools-for-stm32.9-2020-q2-update.win32_2.0.0.202105311346/tools/bin/../lib/gcc/arm-none-eabi/9.3.1/../../../../arm-none-eabi/lib/thumb/v7e-m+fp/hard\libc_nano.a(lib_a-init.o)
                0x00000000080056b8                __libc_init_array
 .text.memset   0x0000000008005700       0x10 c:/st/stm32cubeide_1.8.0/stm32cubeide/plugins/com.st.stm32cube.ide.mcu.externaltools.gnu-tools-for-stm32.9-2020-q2-update.win32_2.0.0.202105311346/tools/bin/../lib/gcc/arm-none-eabi/9.3.1/../../../../arm-none-eabi/lib/thumb/v7e-m+fp/hard\libc_nano.a(lib_a-memset.o)
                0x0000000008005700                memset
 *(.glue_7)
 .glue_7        0x0000000008005710        0x0 linker stubs
 *(.glue_7t)
 .glue_7t       0x0000000008005710        0x0 linker stubs
 *(.eh_frame)
 .eh_frame      0x0000000008005710        0x0 c:/st/stm32cubeide_1.8.0/stm32cubeide/plugins/com.st.stm32cube.ide.mcu.externaltools.gnu-tools-for-stm32.9-2020-q2-update.win32_2.0.0.202105311346/tools/bin/../lib/gcc/arm-none-eabi/9.3.1/thumb/v7e-m+fp/hard/crtbegin.o
 *(.init)
 .init          0x0000000008005710        0x4 c:/st/stm32cubeide_1.8.0/stm32cubeide/plugins/com.st.stm32cube.ide.mcu.externaltools.gnu-tools-for-stm32.9-2020-q2-update.win32_2.0.0.202105311346/tools/bin/../lib/gcc/arm-none-eabi/9.3.1/thumb/v7e-m+fp/hard/crti.o
                0x0000000008005710                _init
 .init          0x0000000008005714        0x8 c:/st/stm32cubeide_1.8.0/stm32cubeide/plugins/com.st.stm32cube.ide.mcu.externaltools.gnu-tools-for-stm32.9-2020-q2-update.win32_2.0.0.202105311346/tools/bin/../lib/gcc/arm-none-eabi/9.3.1/thumb/v7e-m+fp/hard/crtn.o
 *(.fini)
 .fini          0x000000000800571c        0x4 c:/st/stm32cubeide_1.8.0/stm32cubeide/plugins/com.st.stm32cube.ide.mcu.externaltools.gnu-tools-for-stm32.9-2020-q2-update.win32_2.0.0.202105311346/tools/bin/../lib/gcc/arm-none-eabi/9.3.1/thumb/v7e-m+fp/hard/crti.o
                0x000000000800571c                _fini
 .fini          0x0000000008005720        0x8 c:/st/stm32cubeide_1.8.0/stm32cubeide/plugins/com.st.stm32cube.ide.mcu.externaltools.gnu-tools-for-stm32.9-2020-q2-update.win32_2.0.0.202105311346/tools/bin/../lib/gcc/arm-none-eabi/9.3.1/thumb/v7e-m+fp/hard/crtn.o
                0x0000000008005728                . = ALIGN (0x4)
                0x0000000008005728                _etext = .

.vfp11_veneer   0x0000000008005728        0x0
 .vfp11_veneer  0x0000000008005728        0x0 linker stubs

.v4_bx          0x0000000008005728        0x0
 .v4_bx         0x0000000008005728        0x0 linker stubs

.iplt           0x0000000008005728        0x0
 .iplt          0x0000000008005728        0x0 c:/st/stm32cubeide_1.8.0/stm32cubeide/plugins/com.st.stm32cube.ide.mcu.externaltools.gnu-tools-for-stm32.9-2020-q2-update.win32_2.0.0.202105311346/tools/bin/../lib/gcc/arm-none-eabi/9.3.1/thumb/v7e-m+fp/hard/crtbegin.o

.rodata         0x0000000008005728       0x38
                0x0000000008005728                . = ALIGN (0x4)
 *(.rodata)
 *(.rodata*)
 .rodata.AHBPrescTable
                0x0000000008005728       0x10 ./Core/Src/system_stm32f3xx.o
                0x0000000008005728                AHBPrescTable
 .rodata.APBPrescTable
                0x0000000008005738        0x8 ./Core/Src/system_stm32f3xx.o
                0x0000000008005738                APBPrescTable
 .rodata.aPLLMULFactorTable
                0x0000000008005740       0x10 ./Drivers/STM32F3xx_HAL_Driver/Src/stm32f3xx_hal_rcc.o
                0x0000000008005740                aPLLMULFactorTable
 .rodata.aPredivFactorTable
                0x0000000008005750       0x10 ./Drivers/STM32F3xx_HAL_Driver/Src/stm32f3xx_hal_rcc.o
                0x0000000008005750                aPredivFactorTable
                0x0000000008005760                . = ALIGN (0x4)

.rel.dyn        0x0000000008005760        0x0
 .rel.iplt      0x0000000008005760        0x0 c:/st/stm32cubeide_1.8.0/stm32cubeide/plugins/com.st.stm32cube.ide.mcu.externaltools.gnu-tools-for-stm32.9-2020-q2-update.win32_2.0.0.202105311346/tools/bin/../lib/gcc/arm-none-eabi/9.3.1/thumb/v7e-m+fp/hard/crtbegin.o

.ARM.extab      0x0000000008005760        0x0
                0x0000000008005760                . = ALIGN (0x4)
 *(.ARM.extab* .gnu.linkonce.armextab.*)
                0x0000000008005760                . = ALIGN (0x4)

.ARM            0x0000000008005760        0x0
                0x0000000008005760                . = ALIGN (0x4)
                0x0000000008005760                __exidx_start = .
 *(.ARM.exidx*)
                0x0000000008005760                __exidx_end = .
                0x0000000008005760                . = ALIGN (0x4)

.preinit_array  0x0000000008005760        0x0
                0x0000000008005760                . = ALIGN (0x4)
                0x0000000008005760                PROVIDE (__preinit_array_start = .)
 *(.preinit_array*)
                0x0000000008005760                PROVIDE (__preinit_array_end = .)
                0x0000000008005760                . = ALIGN (0x4)

.init_array     0x0000000008005760        0x4
                0x0000000008005760                . = ALIGN (0x4)
                0x0000000008005760                PROVIDE (__init_array_start = .)
 *(SORT_BY_NAME(.init_array.*))
 *(.init_array*)
 .init_array    0x0000000008005760        0x4 c:/st/stm32cubeide_1.8.0/stm32cubeide/plugins/com.st.stm32cube.ide.mcu.externaltools.gnu-tools-for-stm32.9-2020-q2-update.win32_2.0.0.202105311346/tools/bin/../lib/gcc/arm-none-eabi/9.3.1/thumb/v7e-m+fp/hard/crtbegin.o
                0x0000000008005764                PROVIDE (__init_array_end = .)
                0x0000000008005764                . = ALIGN (0x4)

.fini_array     0x0000000008005764        0x4
                0x0000000008005764                . = ALIGN (0x4)
                [!provide]                        PROVIDE (__fini_array_start = .)
 *(SORT_BY_NAME(.fini_array.*))
 *(.fini_array*)
 .fini_array    0x0000000008005764        0x4 c:/st/stm32cubeide_1.8.0/stm32cubeide/plugins/com.st.stm32cube.ide.mcu.externaltools.gnu-tools-for-stm32.9-2020-q2-update.win32_2.0.0.202105311346/tools/bin/../lib/gcc/arm-none-eabi/9.3.1/thumb/v7e-m+fp/hard/crtbegin.o
                [!provide]                        PROVIDE (__fini_array_end = .)
                0x0000000008005768                . = ALIGN (0x4)
                0x0000000008005768                _sidata = LOADADDR (.data)

.data           0x0000000020000000        0xc load address 0x0000000008005768
                0x0000000020000000                . = ALIGN (0x4)
                0x0000000020000000                _sdata = .
 *(.data)
 *(.data*)
 .data.SystemCoreClock
                0x0000000020000000        0x4 ./Core/Src/system_stm32f3xx.o
                0x0000000020000000                SystemCoreClock
 .data.uwTickPrio
                0x0000000020000004        0x4 ./Drivers/STM32F3xx_HAL_Driver/Src/stm32f3xx_hal.o
                0x0000000020000004                uwTickPrio
 .data.uwTickFreq
                0x0000000020000008        0x1 ./Drivers/STM32F3xx_HAL_Driver/Src/stm32f3xx_hal.o
                0x0000000020000008                uwTickFreq
 *(.RamFunc)
 *(.RamFunc*)
                0x000000002000000c                . = ALIGN (0x4)
 *fill*         0x0000000020000009        0x3 
                0x000000002000000c                _edata = .

.igot.plt       0x000000002000000c        0x0 load address 0x0000000008005774
 .igot.plt      0x000000002000000c        0x0 c:/st/stm32cubeide_1.8.0/stm32cubeide/plugins/com.st.stm32cube.ide.mcu.externaltools.gnu-tools-for-stm32.9-2020-q2-update.win32_2.0.0.202105311346/tools/bin/../lib/gcc/arm-none-eabi/9.3.1/thumb/v7e-m+fp/hard/crtbegin.o
                0x000000002000000c                . = ALIGN (0x4)

.bss            0x0000000020000010      0x310 load address 0x0000000008005774
                0x0000000020000010                _sbss = .
                0x0000000020000010                __bss_start__ = _sbss
 *(.bss)
 .bss           0x0000000020000010       0x1c c:/st/stm32cubeide_1.8.0/stm32cubeide/plugins/com.st.stm32cube.ide.mcu.externaltools.gnu-tools-for-stm32.9-2020-q2-update.win32_2.0.0.202105311346/tools/bin/../lib/gcc/arm-none-eabi/9.3.1/thumb/v7e-m+fp/hard/crtbegin.o
 *(.bss*)
 .bss.ButtonControl
                0x000000002000002c        0x2 ./Core/Src/main.o
                0x000000002000002c                ButtonControl
 .bss.horizontal
                0x000000002000002e        0x2 ./Core/Src/main.o
                0x000000002000002e                horizontal
 .bss.vertical  0x0000000020000030        0x2 ./Core/Src/main.o
                0x0000000020000030                vertical
 *(COMMON)
 *fill*         0x0000000020000032        0x6 
 COMMON         0x0000000020000038      0x2ac ./Core/Src/main.o
                0x0000000020000038                us1_start
                0x000000002000003c                us1_echo
                0x0000000020000040                htim17
                0x000000002000008c                us3_start
                0x0000000020000090                us2_echo
                0x0000000020000098                distance
                0x00000000200000a0                button
                0x00000000200000a4                us2_start
                0x00000000200000a8                hdma_usart1_rx
                0x00000000200000ec                huart1
                0x0000000020000170                htim6
                0x00000000200001bc                htim1
                0x0000000020000208                us4_echo
                0x000000002000020c                us4_start
                0x0000000020000210                htim2
                0x000000002000025c                us3_echo
                0x0000000020000260                huart2
 COMMON         0x00000000200002e4       0x36 ./Core/Src/rc_input.o
                0x00000000200002e4                remote_cmd
                0x0000000020000308                remote_raw_data
 *fill*         0x000000002000031a        0x2 
 COMMON         0x000000002000031c        0x4 ./Drivers/STM32F3xx_HAL_Driver/Src/stm32f3xx_hal.o
                0x000000002000031c                uwTick
                0x0000000020000320                . = ALIGN (0x4)
                0x0000000020000320                _ebss = .
                0x0000000020000320                __bss_end__ = _ebss

._user_heap_stack
                0x0000000020000320      0x600 load address 0x0000000008005774
                0x0000000020000320                . = ALIGN (0x8)
                [!provide]                        PROVIDE (end = .)
                0x0000000020000320                PROVIDE (_end = .)
                0x0000000020000520                . = (. + _Min_Heap_Size)
 *fill*         0x0000000020000320      0x200 
                0x0000000020000920                . = (. + _Min_Stack_Size)
 *fill*         0x0000000020000520      0x400 
                0x0000000020000920                . = ALIGN (0x8)

/DISCARD/
 libc.a(*)
 libm.a(*)
 libgcc.a(*)

.ARM.attributes
                0x0000000000000000       0x30
 *(.ARM.attributes)
 .ARM.attributes
                0x0000000000000000       0x1e c:/st/stm32cubeide_1.8.0/stm32cubeide/plugins/com.st.stm32cube.ide.mcu.externaltools.gnu-tools-for-stm32.9-2020-q2-update.win32_2.0.0.202105311346/tools/bin/../lib/gcc/arm-none-eabi/9.3.1/thumb/v7e-m+fp/hard/crti.o
 .ARM.attributes
                0x000000000000001e       0x34 c:/st/stm32cubeide_1.8.0/stm32cubeide/plugins/com.st.stm32cube.ide.mcu.externaltools.gnu-tools-for-stm32.9-2020-q2-update.win32_2.0.0.202105311346/tools/bin/../lib/gcc/arm-none-eabi/9.3.1/thumb/v7e-m+fp/hard/crtbegin.o
 .ARM.attributes
                0x0000000000000052       0x34 ./Core/Src/main.o
 .ARM.attributes
                0x0000000000000086       0x34 ./Core/Src/rc_input.o
 .ARM.attributes
                0x00000000000000ba       0x34 ./Core/Src/stm32f3xx_hal_msp.o
 .ARM.attributes
                0x00000000000000ee       0x34 ./Core/Src/stm32f3xx_it.o
 .ARM.attributes
                0x0000000000000122       0x34 ./Core/Src/system_stm32f3xx.o
 .ARM.attributes
                0x0000000000000156       0x21 ./Core/Startup/startup_stm32f302r8tx.o
 .ARM.attributes
                0x0000000000000177       0x34 ./Drivers/STM32F3xx_HAL_Driver/Src/stm32f3xx_hal.o
 .ARM.attributes
                0x00000000000001ab       0x34 ./Drivers/STM32F3xx_HAL_Driver/Src/stm32f3xx_hal_cortex.o
 .ARM.attributes
                0x00000000000001df       0x34 ./Drivers/STM32F3xx_HAL_Driver/Src/stm32f3xx_hal_dma.o
 .ARM.attributes
                0x0000000000000213       0x34 ./Drivers/STM32F3xx_HAL_Driver/Src/stm32f3xx_hal_gpio.o
 .ARM.attributes
                0x0000000000000247       0x34 ./Drivers/STM32F3xx_HAL_Driver/Src/stm32f3xx_hal_rcc.o
 .ARM.attributes
                0x000000000000027b       0x34 ./Drivers/STM32F3xx_HAL_Driver/Src/stm32f3xx_hal_rcc_ex.o
 .ARM.attributes
                0x00000000000002af       0x34 ./Drivers/STM32F3xx_HAL_Driver/Src/stm32f3xx_hal_tim.o
 .ARM.attributes
                0x00000000000002e3       0x34 ./Drivers/STM32F3xx_HAL_Driver/Src/stm32f3xx_hal_tim_ex.o
 .ARM.attributes
                0x0000000000000317       0x34 ./Drivers/STM32F3xx_HAL_Driver/Src/stm32f3xx_hal_uart.o
 .ARM.attributes
                0x000000000000034b       0x34 ./Drivers/STM32F3xx_HAL_Driver/Src/stm32f3xx_hal_uart_ex.o
 .ARM.attributes
                0x000000000000037f       0x34 c:/st/stm32cubeide_1.8.0/stm32cubeide/plugins/com.st.stm32cube.ide.mcu.externaltools.gnu-tools-for-stm32.9-2020-q2-update.win32_2.0.0.202105311346/tools/bin/../lib/gcc/arm-none-eabi/9.3.1/../../../../arm-none-eabi/lib/thumb/v7e-m+fp/hard\libc_nano.a(lib_a-init.o)
 .ARM.attributes
                0x00000000000003b3       0x34 c:/st/stm32cubeide_1.8.0/stm32cubeide/plugins/com.st.stm32cube.ide.mcu.externaltools.gnu-tools-for-stm32.9-2020-q2-update.win32_2.0.0.202105311346/tools/bin/../lib/gcc/arm-none-eabi/9.3.1/../../../../arm-none-eabi/lib/thumb/v7e-m+fp/hard\libc_nano.a(lib_a-memset.o)
 .ARM.attributes
                0x00000000000003e7       0x1e c:/st/stm32cubeide_1.8.0/stm32cubeide/plugins/com.st.stm32cube.ide.mcu.externaltools.gnu-tools-for-stm32.9-2020-q2-update.win32_2.0.0.202105311346/tools/bin/../lib/gcc/arm-none-eabi/9.3.1/thumb/v7e-m+fp/hard\libgcc.a(_arm_addsubdf3.o)
 .ARM.attributes
                0x0000000000000405       0x1e c:/st/stm32cubeide_1.8.0/stm32cubeide/plugins/com.st.stm32cube.ide.mcu.externaltools.gnu-tools-for-stm32.9-2020-q2-update.win32_2.0.0.202105311346/tools/bin/../lib/gcc/arm-none-eabi/9.3.1/thumb/v7e-m+fp/hard/crtn.o
OUTPUT(Robomaster_New_Code.elf elf32-littlearm)
LOAD linker stubs
LOAD c:/st/stm32cubeide_1.8.0/stm32cubeide/plugins/com.st.stm32cube.ide.mcu.externaltools.gnu-tools-for-stm32.9-2020-q2-update.win32_2.0.0.202105311346/tools/bin/../lib/gcc/arm-none-eabi/9.3.1/../../../../arm-none-eabi/lib/thumb/v7e-m+fp/hard\libc.a
LOAD c:/st/stm32cubeide_1.8.0/stm32cubeide/plugins/com.st.stm32cube.ide.mcu.externaltools.gnu-tools-for-stm32.9-2020-q2-update.win32_2.0.0.202105311346/tools/bin/../lib/gcc/arm-none-eabi/9.3.1/../../../../arm-none-eabi/lib/thumb/v7e-m+fp/hard\libm.a
LOAD c:/st/stm32cubeide_1.8.0/stm32cubeide/plugins/com.st.stm32cube.ide.mcu.externaltools.gnu-tools-for-stm32.9-2020-q2-update.win32_2.0.0.202105311346/tools/bin/../lib/gcc/arm-none-eabi/9.3.1/thumb/v7e-m+fp/hard\libgcc.a

.debug_info     0x0000000000000000    0x10ad1
 .debug_info    0x0000000000000000     0x17b3 ./Core/Src/main.o
 .debug_info    0x00000000000017b3      0xabb ./Core/Src/rc_input.o
 .debug_info    0x000000000000226e     0x10d1 ./Core/Src/stm32f3xx_hal_msp.o
 .debug_info    0x000000000000333f      0x820 ./Core/Src/stm32f3xx_it.o
 .debug_info    0x0000000000003b5f      0x49a ./Core/Src/system_stm32f3xx.o
 .debug_info    0x0000000000003ff9       0x22 ./Core/Startup/startup_stm32f302r8tx.o
 .debug_info    0x000000000000401b      0x7dd ./Drivers/STM32F3xx_HAL_Driver/Src/stm32f3xx_hal.o
 .debug_info    0x00000000000047f8      0xc09 ./Drivers/STM32F3xx_HAL_Driver/Src/stm32f3xx_hal_cortex.o
 .debug_info    0x0000000000005401      0x839 ./Drivers/STM32F3xx_HAL_Driver/Src/stm32f3xx_hal_dma.o
 .debug_info    0x0000000000005c3a      0x779 ./Drivers/STM32F3xx_HAL_Driver/Src/stm32f3xx_hal_gpio.o
 .debug_info    0x00000000000063b3     0x15b5 ./Drivers/STM32F3xx_HAL_Driver/Src/stm32f3xx_hal_rcc.o
 .debug_info    0x0000000000007968      0x671 ./Drivers/STM32F3xx_HAL_Driver/Src/stm32f3xx_hal_rcc_ex.o
 .debug_info    0x0000000000007fd9     0x2cf6 ./Drivers/STM32F3xx_HAL_Driver/Src/stm32f3xx_hal_tim.o
 .debug_info    0x000000000000accf     0x163e ./Drivers/STM32F3xx_HAL_Driver/Src/stm32f3xx_hal_tim_ex.o
 .debug_info    0x000000000000c30d     0x3af9 ./Drivers/STM32F3xx_HAL_Driver/Src/stm32f3xx_hal_uart.o
 .debug_info    0x000000000000fe06      0xccb ./Drivers/STM32F3xx_HAL_Driver/Src/stm32f3xx_hal_uart_ex.o

.debug_abbrev   0x0000000000000000     0x221a
 .debug_abbrev  0x0000000000000000      0x2b5 ./Core/Src/main.o
 .debug_abbrev  0x00000000000002b5      0x257 ./Core/Src/rc_input.o
 .debug_abbrev  0x000000000000050c      0x222 ./Core/Src/stm32f3xx_hal_msp.o
 .debug_abbrev  0x000000000000072e      0x17d ./Core/Src/stm32f3xx_it.o
 .debug_abbrev  0x00000000000008ab      0x145 ./Core/Src/system_stm32f3xx.o
 .debug_abbrev  0x00000000000009f0       0x12 ./Core/Startup/startup_stm32f302r8tx.o
 .debug_abbrev  0x0000000000000a02      0x1ed ./Drivers/STM32F3xx_HAL_Driver/Src/stm32f3xx_hal.o
 .debug_abbrev  0x0000000000000bef      0x313 ./Drivers/STM32F3xx_HAL_Driver/Src/stm32f3xx_hal_cortex.o
 .debug_abbrev  0x0000000000000f02      0x228 ./Drivers/STM32F3xx_HAL_Driver/Src/stm32f3xx_hal_dma.o
 .debug_abbrev  0x000000000000112a      0x1e8 ./Drivers/STM32F3xx_HAL_Driver/Src/stm32f3xx_hal_gpio.o
 .debug_abbrev  0x0000000000001312      0x2c4 ./Drivers/STM32F3xx_HAL_Driver/Src/stm32f3xx_hal_rcc.o
 .debug_abbrev  0x00000000000015d6      0x22b ./Drivers/STM32F3xx_HAL_Driver/Src/stm32f3xx_hal_rcc_ex.o
 .debug_abbrev  0x0000000000001801      0x25e ./Drivers/STM32F3xx_HAL_Driver/Src/stm32f3xx_hal_tim.o
 .debug_abbrev  0x0000000000001a5f      0x266 ./Drivers/STM32F3xx_HAL_Driver/Src/stm32f3xx_hal_tim_ex.o
 .debug_abbrev  0x0000000000001cc5      0x2b3 ./Drivers/STM32F3xx_HAL_Driver/Src/stm32f3xx_hal_uart.o
 .debug_abbrev  0x0000000000001f78      0x2a2 ./Drivers/STM32F3xx_HAL_Driver/Src/stm32f3xx_hal_uart_ex.o

.debug_aranges  0x0000000000000000      0xd80
 .debug_aranges
                0x0000000000000000       0xb8 ./Core/Src/main.o
 .debug_aranges
                0x00000000000000b8       0x30 ./Core/Src/rc_input.o
 .debug_aranges
                0x00000000000000e8       0x58 ./Core/Src/stm32f3xx_hal_msp.o
 .debug_aranges
                0x0000000000000140       0x88 ./Core/Src/stm32f3xx_it.o
 .debug_aranges
                0x00000000000001c8       0x28 ./Core/Src/system_stm32f3xx.o
 .debug_aranges
                0x00000000000001f0       0x28 ./Core/Startup/startup_stm32f302r8tx.o
 .debug_aranges
                0x0000000000000218       0xe0 ./Drivers/STM32F3xx_HAL_Driver/Src/stm32f3xx_hal.o
 .debug_aranges
                0x00000000000002f8      0x100 ./Drivers/STM32F3xx_HAL_Driver/Src/stm32f3xx_hal_cortex.o
 .debug_aranges
                0x00000000000003f8       0x88 ./Drivers/STM32F3xx_HAL_Driver/Src/stm32f3xx_hal_dma.o
 .debug_aranges
                0x0000000000000480       0x58 ./Drivers/STM32F3xx_HAL_Driver/Src/stm32f3xx_hal_gpio.o
 .debug_aranges
                0x00000000000004d8       0x88 ./Drivers/STM32F3xx_HAL_Driver/Src/stm32f3xx_hal_rcc.o
 .debug_aranges
                0x0000000000000560       0x38 ./Drivers/STM32F3xx_HAL_Driver/Src/stm32f3xx_hal_rcc_ex.o
 .debug_aranges
                0x0000000000000598      0x3e0 ./Drivers/STM32F3xx_HAL_Driver/Src/stm32f3xx_hal_tim.o
 .debug_aranges
                0x0000000000000978      0x178 ./Drivers/STM32F3xx_HAL_Driver/Src/stm32f3xx_hal_tim_ex.o
 .debug_aranges
                0x0000000000000af0      0x228 ./Drivers/STM32F3xx_HAL_Driver/Src/stm32f3xx_hal_uart.o
 .debug_aranges
                0x0000000000000d18       0x68 ./Drivers/STM32F3xx_HAL_Driver/Src/stm32f3xx_hal_uart_ex.o

.debug_ranges   0x0000000000000000      0xcb8
 .debug_ranges  0x0000000000000000       0xa8 ./Core/Src/main.o
 .debug_ranges  0x00000000000000a8       0x20 ./Core/Src/rc_input.o
 .debug_ranges  0x00000000000000c8       0x48 ./Core/Src/stm32f3xx_hal_msp.o
 .debug_ranges  0x0000000000000110       0x78 ./Core/Src/stm32f3xx_it.o
 .debug_ranges  0x0000000000000188       0x18 ./Core/Src/system_stm32f3xx.o
 .debug_ranges  0x00000000000001a0       0x20 ./Core/Startup/startup_stm32f302r8tx.o
 .debug_ranges  0x00000000000001c0       0xd0 ./Drivers/STM32F3xx_HAL_Driver/Src/stm32f3xx_hal.o
 .debug_ranges  0x0000000000000290       0xf0 ./Drivers/STM32F3xx_HAL_Driver/Src/stm32f3xx_hal_cortex.o
 .debug_ranges  0x0000000000000380       0x78 ./Drivers/STM32F3xx_HAL_Driver/Src/stm32f3xx_hal_dma.o
 .debug_ranges  0x00000000000003f8       0x48 ./Drivers/STM32F3xx_HAL_Driver/Src/stm32f3xx_hal_gpio.o
 .debug_ranges  0x0000000000000440       0x78 ./Drivers/STM32F3xx_HAL_Driver/Src/stm32f3xx_hal_rcc.o
 .debug_ranges  0x00000000000004b8       0x28 ./Drivers/STM32F3xx_HAL_Driver/Src/stm32f3xx_hal_rcc_ex.o
 .debug_ranges  0x00000000000004e0      0x3d0 ./Drivers/STM32F3xx_HAL_Driver/Src/stm32f3xx_hal_tim.o
 .debug_ranges  0x00000000000008b0      0x168 ./Drivers/STM32F3xx_HAL_Driver/Src/stm32f3xx_hal_tim_ex.o
 .debug_ranges  0x0000000000000a18      0x248 ./Drivers/STM32F3xx_HAL_Driver/Src/stm32f3xx_hal_uart.o
 .debug_ranges  0x0000000000000c60       0x58 ./Drivers/STM32F3xx_HAL_Driver/Src/stm32f3xx_hal_uart_ex.o

.debug_macro    0x0000000000000000    0x1b474
 .debug_macro   0x0000000000000000      0x1df ./Core/Src/main.o
 .debug_macro   0x00000000000001df      0xaa8 ./Core/Src/main.o
 .debug_macro   0x0000000000000c87      0x157 ./Core/Src/main.o
 .debug_macro   0x0000000000000dde       0x2e ./Core/Src/main.o
 .debug_macro   0x0000000000000e0c       0x28 ./Core/Src/main.o
 .debug_macro   0x0000000000000e34       0x22 ./Core/Src/main.o
 .debug_macro   0x0000000000000e56       0x8e ./Core/Src/main.o
 .debug_macro   0x0000000000000ee4       0x51 ./Core/Src/main.o
 .debug_macro   0x0000000000000f35      0x103 ./Core/Src/main.o
 .debug_macro   0x0000000000001038       0x6a ./Core/Src/main.o
 .debug_macro   0x00000000000010a2      0x1df ./Core/Src/main.o
 .debug_macro   0x0000000000001281       0x1c ./Core/Src/main.o
 .debug_macro   0x000000000000129d       0x22 ./Core/Src/main.o
 .debug_macro   0x00000000000012bf       0xdf ./Core/Src/main.o
 .debug_macro   0x000000000000139e      0xf07 ./Core/Src/main.o
 .debug_macro   0x00000000000022a5    0x110e8 ./Core/Src/main.o
 .debug_macro   0x000000000001338d       0x6d ./Core/Src/main.o
 .debug_macro   0x00000000000133fa     0x3540 ./Core/Src/main.o
 .debug_macro   0x000000000001693a      0x174 ./Core/Src/main.o
 .debug_macro   0x0000000000016aae       0x55 ./Core/Src/main.o
 .debug_macro   0x0000000000016b03      0x8f9 ./Core/Src/main.o
 .debug_macro   0x00000000000173fc      0x41b ./Core/Src/main.o
 .debug_macro   0x0000000000017817      0x1b6 ./Core/Src/main.o
 .debug_macro   0x00000000000179cd      0x161 ./Core/Src/main.o
 .debug_macro   0x0000000000017b2e      0x1d5 ./Core/Src/main.o
 .debug_macro   0x0000000000017d03      0x1bc ./Core/Src/main.o
 .debug_macro   0x0000000000017ebf       0x34 ./Core/Src/main.o
 .debug_macro   0x0000000000017ef3       0x3c ./Core/Src/main.o
 .debug_macro   0x0000000000017f2f       0x57 ./Core/Src/main.o
 .debug_macro   0x0000000000017f86       0xc5 ./Core/Src/main.o
 .debug_macro   0x000000000001804b      0x19f ./Core/Src/main.o
 .debug_macro   0x00000000000181ea      0x22c ./Core/Src/main.o
 .debug_macro   0x0000000000018416       0x5b ./Core/Src/main.o
 .debug_macro   0x0000000000018471       0xa5 ./Core/Src/main.o
 .debug_macro   0x0000000000018516       0x81 ./Core/Src/main.o
 .debug_macro   0x0000000000018597       0xd3 ./Core/Src/main.o
 .debug_macro   0x000000000001866a      0xa3d ./Core/Src/main.o
 .debug_macro   0x00000000000190a7       0x41 ./Core/Src/main.o
 .debug_macro   0x00000000000190e8      0x5a5 ./Core/Src/main.o
 .debug_macro   0x000000000001968d       0x44 ./Core/Src/main.o
 .debug_macro   0x00000000000196d1      0x1f7 ./Core/Src/main.o
 .debug_macro   0x00000000000198c8      0x112 ./Core/Src/main.o
 .debug_macro   0x00000000000199da      0x1df ./Core/Src/rc_input.o
 .debug_macro   0x0000000000019bb9      0x118 ./Core/Src/rc_input.o
 .debug_macro   0x0000000000019cd1      0x1d5 ./Core/Src/stm32f3xx_hal_msp.o
 .debug_macro   0x0000000000019ea6      0x1df ./Core/Src/stm32f3xx_it.o
 .debug_macro   0x000000000001a085      0x1c6 ./Core/Src/system_stm32f3xx.o
 .debug_macro   0x000000000001a24b      0x1ea ./Drivers/STM32F3xx_HAL_Driver/Src/stm32f3xx_hal.o
 .debug_macro   0x000000000001a435      0x1c6 ./Drivers/STM32F3xx_HAL_Driver/Src/stm32f3xx_hal_cortex.o
 .debug_macro   0x000000000001a5fb      0x1c6 ./Drivers/STM32F3xx_HAL_Driver/Src/stm32f3xx_hal_dma.o
 .debug_macro   0x000000000001a7c1      0x1cd ./Drivers/STM32F3xx_HAL_Driver/Src/stm32f3xx_hal_gpio.o
 .debug_macro   0x000000000001a98e      0x1ea ./Drivers/STM32F3xx_HAL_Driver/Src/stm32f3xx_hal_rcc.o
 .debug_macro   0x000000000001ab78      0x1c6 ./Drivers/STM32F3xx_HAL_Driver/Src/stm32f3xx_hal_rcc_ex.o
 .debug_macro   0x000000000001ad3e      0x1c7 ./Drivers/STM32F3xx_HAL_Driver/Src/stm32f3xx_hal_tim.o
 .debug_macro   0x000000000001af05      0x1c6 ./Drivers/STM32F3xx_HAL_Driver/Src/stm32f3xx_hal_tim_ex.o
 .debug_macro   0x000000000001b0cb      0x1e3 ./Drivers/STM32F3xx_HAL_Driver/Src/stm32f3xx_hal_uart.o
 .debug_macro   0x000000000001b2ae      0x1c6 ./Drivers/STM32F3xx_HAL_Driver/Src/stm32f3xx_hal_uart_ex.o

.debug_line     0x0000000000000000    0x10b15
 .debug_line    0x0000000000000000      0xce8 ./Core/Src/main.o
 .debug_line    0x0000000000000ce8      0x8e8 ./Core/Src/rc_input.o
 .debug_line    0x00000000000015d0      0x89a ./Core/Src/stm32f3xx_hal_msp.o
 .debug_line    0x0000000000001e6a      0x81f ./Core/Src/stm32f3xx_it.o
 .debug_line    0x0000000000002689      0x759 ./Core/Src/system_stm32f3xx.o
 .debug_line    0x0000000000002de2       0x88 ./Core/Startup/startup_stm32f302r8tx.o
 .debug_line    0x0000000000002e6a      0x98e ./Drivers/STM32F3xx_HAL_Driver/Src/stm32f3xx_hal.o
 .debug_line    0x00000000000037f8      0xb76 ./Drivers/STM32F3xx_HAL_Driver/Src/stm32f3xx_hal_cortex.o
 .debug_line    0x000000000000436e      0xc7c ./Drivers/STM32F3xx_HAL_Driver/Src/stm32f3xx_hal_dma.o
 .debug_line    0x0000000000004fea      0xadb ./Drivers/STM32F3xx_HAL_Driver/Src/stm32f3xx_hal_gpio.o
 .debug_line    0x0000000000005ac5     0x1368 ./Drivers/STM32F3xx_HAL_Driver/Src/stm32f3xx_hal_rcc.o
 .debug_line    0x0000000000006e2d      0xbcc ./Drivers/STM32F3xx_HAL_Driver/Src/stm32f3xx_hal_rcc_ex.o
 .debug_line    0x00000000000079f9     0x3b67 ./Drivers/STM32F3xx_HAL_Driver/Src/stm32f3xx_hal_tim.o
 .debug_line    0x000000000000b560     0x19ce ./Drivers/STM32F3xx_HAL_Driver/Src/stm32f3xx_hal_tim_ex.o
 .debug_line    0x000000000000cf2e     0x30a2 ./Drivers/STM32F3xx_HAL_Driver/Src/stm32f3xx_hal_uart.o
 .debug_line    0x000000000000ffd0      0xb45 ./Drivers/STM32F3xx_HAL_Driver/Src/stm32f3xx_hal_uart_ex.o

.debug_str      0x0000000000000000    0xa282f
 .debug_str     0x0000000000000000    0x9fba5 ./Core/Src/main.o
                                      0xa0020 (size before relaxing)
 .debug_str     0x000000000009fba5       0x9a ./Core/Src/rc_input.o
                                      0x9f378 (size before relaxing)
 .debug_str     0x000000000009fc3f       0xd2 ./Core/Src/stm32f3xx_hal_msp.o
                                      0x9f9f5 (size before relaxing)
 .debug_str     0x000000000009fd11      0x121 ./Core/Src/stm32f3xx_it.o
                                      0x9f2f0 (size before relaxing)
 .debug_str     0x000000000009fe32       0xbd ./Core/Src/system_stm32f3xx.o
                                      0x9e95d (size before relaxing)
 .debug_str     0x000000000009feef       0x36 ./Core/Startup/startup_stm32f302r8tx.o
                                         0x6d (size before relaxing)
 .debug_str     0x000000000009ff25      0x305 ./Drivers/STM32F3xx_HAL_Driver/Src/stm32f3xx_hal.o
                                      0x9f015 (size before relaxing)
 .debug_str     0x00000000000a022a      0x2a2 ./Drivers/STM32F3xx_HAL_Driver/Src/stm32f3xx_hal_cortex.o
                                      0x9eff6 (size before relaxing)
 .debug_str     0x00000000000a04cc      0x248 ./Drivers/STM32F3xx_HAL_Driver/Src/stm32f3xx_hal_dma.o
                                      0x9ecd7 (size before relaxing)
 .debug_str     0x00000000000a0714      0x149 ./Drivers/STM32F3xx_HAL_Driver/Src/stm32f3xx_hal_gpio.o
                                      0x9eb11 (size before relaxing)
 .debug_str     0x00000000000a085d      0x2f0 ./Drivers/STM32F3xx_HAL_Driver/Src/stm32f3xx_hal_rcc.o
                                      0x9edcb (size before relaxing)
 .debug_str     0x00000000000a0b4d       0xd8 ./Drivers/STM32F3xx_HAL_Driver/Src/stm32f3xx_hal_rcc_ex.o
                                      0x9eb64 (size before relaxing)
 .debug_str     0x00000000000a0c25      0xd72 ./Drivers/STM32F3xx_HAL_Driver/Src/stm32f3xx_hal_tim.o
                                      0x9fd20 (size before relaxing)
 .debug_str     0x00000000000a1997      0x494 ./Drivers/STM32F3xx_HAL_Driver/Src/stm32f3xx_hal_tim_ex.o
                                      0x9f524 (size before relaxing)
 .debug_str     0x00000000000a1e2b      0x866 ./Drivers/STM32F3xx_HAL_Driver/Src/stm32f3xx_hal_uart.o
                                      0x9f5db (size before relaxing)
 .debug_str     0x00000000000a2691      0x19e ./Drivers/STM32F3xx_HAL_Driver/Src/stm32f3xx_hal_uart_ex.o
                                      0x9eec5 (size before relaxing)

.comment        0x0000000000000000       0x53
 .comment       0x0000000000000000       0x53 ./Core/Src/main.o
                                         0x54 (size before relaxing)
 .comment       0x0000000000000053       0x54 ./Core/Src/rc_input.o
 .comment       0x0000000000000053       0x54 ./Core/Src/stm32f3xx_hal_msp.o
 .comment       0x0000000000000053       0x54 ./Core/Src/stm32f3xx_it.o
 .comment       0x0000000000000053       0x54 ./Core/Src/system_stm32f3xx.o
 .comment       0x0000000000000053       0x54 ./Drivers/STM32F3xx_HAL_Driver/Src/stm32f3xx_hal.o
 .comment       0x0000000000000053       0x54 ./Drivers/STM32F3xx_HAL_Driver/Src/stm32f3xx_hal_cortex.o
 .comment       0x0000000000000053       0x54 ./Drivers/STM32F3xx_HAL_Driver/Src/stm32f3xx_hal_dma.o
 .comment       0x0000000000000053       0x54 ./Drivers/STM32F3xx_HAL_Driver/Src/stm32f3xx_hal_gpio.o
 .comment       0x0000000000000053       0x54 ./Drivers/STM32F3xx_HAL_Driver/Src/stm32f3xx_hal_rcc.o
 .comment       0x0000000000000053       0x54 ./Drivers/STM32F3xx_HAL_Driver/Src/stm32f3xx_hal_rcc_ex.o
 .comment       0x0000000000000053       0x54 ./Drivers/STM32F3xx_HAL_Driver/Src/stm32f3xx_hal_tim.o
 .comment       0x0000000000000053       0x54 ./Drivers/STM32F3xx_HAL_Driver/Src/stm32f3xx_hal_tim_ex.o
 .comment       0x0000000000000053       0x54 ./Drivers/STM32F3xx_HAL_Driver/Src/stm32f3xx_hal_uart.o
 .comment       0x0000000000000053       0x54 ./Drivers/STM32F3xx_HAL_Driver/Src/stm32f3xx_hal_uart_ex.o

.debug_frame    0x0000000000000000     0x38f8
 .debug_frame   0x0000000000000000      0x2b0 ./Core/Src/main.o
 .debug_frame   0x00000000000002b0       0x78 ./Core/Src/rc_input.o
 .debug_frame   0x0000000000000328      0x140 ./Core/Src/stm32f3xx_hal_msp.o
 .debug_frame   0x0000000000000468      0x190 ./Core/Src/stm32f3xx_it.o
 .debug_frame   0x00000000000005f8       0x58 ./Core/Src/system_stm32f3xx.o
 .debug_frame   0x0000000000000650      0x334 ./Drivers/STM32F3xx_HAL_Driver/Src/stm32f3xx_hal.o
 .debug_frame   0x0000000000000984      0x428 ./Drivers/STM32F3xx_HAL_Driver/Src/stm32f3xx_hal_cortex.o
 .debug_frame   0x0000000000000dac      0x224 ./Drivers/STM32F3xx_HAL_Driver/Src/stm32f3xx_hal_dma.o
 .debug_frame   0x0000000000000fd0      0x14c ./Drivers/STM32F3xx_HAL_Driver/Src/stm32f3xx_hal_gpio.o
 .debug_frame   0x000000000000111c      0x214 ./Drivers/STM32F3xx_HAL_Driver/Src/stm32f3xx_hal_rcc.o
 .debug_frame   0x0000000000001330       0xb4 ./Drivers/STM32F3xx_HAL_Driver/Src/stm32f3xx_hal_rcc_ex.o
 .debug_frame   0x00000000000013e4     0x121c ./Drivers/STM32F3xx_HAL_Driver/Src/stm32f3xx_hal_tim.o
 .debug_frame   0x0000000000002600      0x688 ./Drivers/STM32F3xx_HAL_Driver/Src/stm32f3xx_hal_tim_ex.o
 .debug_frame   0x0000000000002c88      0x9e8 ./Drivers/STM32F3xx_HAL_Driver/Src/stm32f3xx_hal_uart.o
 .debug_frame   0x0000000000003670      0x190 ./Drivers/STM32F3xx_HAL_Driver/Src/stm32f3xx_hal_uart_ex.o
 .debug_frame   0x0000000000003800       0x2c c:/st/stm32cubeide_1.8.0/stm32cubeide/plugins/com.st.stm32cube.ide.mcu.externaltools.gnu-tools-for-stm32.9-2020-q2-update.win32_2.0.0.202105311346/tools/bin/../lib/gcc/arm-none-eabi/9.3.1/../../../../arm-none-eabi/lib/thumb/v7e-m+fp/hard\libc_nano.a(lib_a-init.o)
 .debug_frame   0x000000000000382c       0x20 c:/st/stm32cubeide_1.8.0/stm32cubeide/plugins/com.st.stm32cube.ide.mcu.externaltools.gnu-tools-for-stm32.9-2020-q2-update.win32_2.0.0.202105311346/tools/bin/../lib/gcc/arm-none-eabi/9.3.1/../../../../arm-none-eabi/lib/thumb/v7e-m+fp/hard\libc_nano.a(lib_a-memset.o)
 .debug_frame   0x000000000000384c       0xac c:/st/stm32cubeide_1.8.0/stm32cubeide/plugins/com.st.stm32cube.ide.mcu.externaltools.gnu-tools-for-stm32.9-2020-q2-update.win32_2.0.0.202105311346/tools/bin/../lib/gcc/arm-none-eabi/9.3.1/thumb/v7e-m+fp/hard\libgcc.a(_arm_addsubdf3.o)
