16:28:24 **** Incremental Build of configuration Debug for project Robomaster_New_Code ****
make -j8 all 
arm-none-eabi-gcc "../Core/Src/main.c" -mcpu=cortex-m4 -std=gnu11 -g3 -DDEBUG -DUSE_HAL_DRIVER -DSTM32F302x8 -c -I../Core/Inc -I../Drivers/STM32F3xx_HAL_Driver/Inc -I../Drivers/STM32F3xx_HAL_Driver/Inc/Legacy -I../Drivers/CMSIS/Device/ST/STM32F3xx/Include -I../Drivers/CMSIS/Include -O0 -ffunction-sections -fdata-sections -Wall -fstack-usage -MMD -MP -MF"Core/Src/main.d" -MT"Core/Src/main.o" --specs=nano.specs -mfpu=fpv4-sp-d16 -mfloat-abi=hard -mthumb -o "Core/Src/main.o"
arm-none-eabi-gcc -o "Robomaster_New_Code.elf" @"objects.list"   -mcpu=cortex-m4 -T"C:\NUS Robomaster\Robomaster\Robomaster_New_Code\STM32F302R8TX_FLASH.ld" --specs=nosys.specs -Wl,-Map="Robomaster_New_Code.map" -Wl,--gc-sections -static --specs=nano.specs -mfpu=fpv4-sp-d16 -mfloat-abi=hard -mthumb -Wl,--start-group -lc -lm -Wl,--end-group
Finished building target: Robomaster_New_Code.elf
 
arm-none-eabi-size   Robomaster_New_Code.elf 
arm-none-eabi-objdump -h -S  Robomaster_New_Code.elf  > "Robomaster_New_Code.list"
arm-none-eabi-objcopy  -O binary  Robomaster_New_Code.elf  "Robomaster_New_Code.bin"
   text	   data	    bss	    dec	    hex	filename
  22116	     20	   2320	  24456	   5f88	Robomaster_New_Code.elf
Finished building: default.size.stdout
 
Finished building: Robomaster_New_Code.bin
 
Finished building: Robomaster_New_Code.list
 
16:28:57 **** Incremental Build of configuration Debug for project Robomaster_New_Code ****
make -j8 all 
arm-none-eabi-size   Robomaster_New_Code.elf 
   text	   data	    bss	    dec	    hex	filename
  22116	     20	   2320	  24456	   5f88	Robomaster_New_Code.elf
Finished building: default.size.stdout
 
16:33:59 **** Incremental Build of configuration Debug for project Robomaster_New_Code ****
make -j8 all 
arm-none-eabi-gcc "../Core/Src/main.c" -mcpu=cortex-m4 -std=gnu11 -g3 -DDEBUG -DUSE_HAL_DRIVER -DSTM32F302x8 -c -I../Core/Inc -I../Drivers/STM32F3xx_HAL_Driver/Inc -I../Drivers/STM32F3xx_HAL_Driver/Inc/Legacy -I../Drivers/CMSIS/Device/ST/STM32F3xx/Include -I../Drivers/CMSIS/Include -O0 -ffunction-sections -fdata-sections -Wall -fstack-usage -MMD -MP -MF"Core/Src/main.d" -MT"Core/Src/main.o" --specs=nano.specs -mfpu=fpv4-sp-d16 -mfloat-abi=hard -mthumb -o "Core/Src/main.o"
arm-none-eabi-gcc -o "Robomaster_New_Code.elf" @"objects.list"   -mcpu=cortex-m4 -T"C:\NUS Robomaster\Robomaster\Robomaster_New_Code\STM32F302R8TX_FLASH.ld" --specs=nosys.specs -Wl,-Map="Robomaster_New_Code.map" -Wl,--gc-sections -static --specs=nano.specs -mfpu=fpv4-sp-d16 -mfloat-abi=hard -mthumb -Wl,--start-group -lc -lm -Wl,--end-group
Finished building target: Robomaster_New_Code.elf
 
arm-none-eabi-size   Robomaster_New_Code.elf 
arm-none-eabi-objdump -h -S  Robomaster_New_Code.elf  > "Robomaster_New_Code.list"
arm-none-eabi-objcopy  -O binary  Robomaster_New_Code.elf  "Robomaster_New_Code.bin"
   text	   data	    bss	    dec	    hex	filename
  22336	     20	   2320	  24676	   6064	Robomaster_New_Code.elf
Finished building: default.size.stdout
 
Finished building: Robomaster_New_Code.bin
 
Finished building: Robomaster_New_Code.list
 
16:38:15 **** Incremental Build of configuration Debug for project Robomaster_New_Code ****
make -j8 all 
arm-none-eabi-gcc "../Core/Src/main.c" -mcpu=cortex-m4 -std=gnu11 -g3 -DDEBUG -DUSE_HAL_DRIVER -DSTM32F302x8 -c -I../Core/Inc -I../Drivers/STM32F3xx_HAL_Driver/Inc -I../Drivers/STM32F3xx_HAL_Driver/Inc/Legacy -I../Drivers/CMSIS/Device/ST/STM32F3xx/Include -I../Drivers/CMSIS/Include -O0 -ffunction-sections -fdata-sections -Wall -fstack-usage -MMD -MP -MF"Core/Src/main.d" -MT"Core/Src/main.o" --specs=nano.specs -mfpu=fpv4-sp-d16 -mfloat-abi=hard -mthumb -o "Core/Src/main.o"
arm-none-eabi-gcc -o "Robomaster_New_Code.elf" @"objects.list"   -mcpu=cortex-m4 -T"C:\NUS Robomaster\Robomaster\Robomaster_New_Code\STM32F302R8TX_FLASH.ld" --specs=nosys.specs -Wl,-Map="Robomaster_New_Code.map" -Wl,--gc-sections -static --specs=nano.specs -mfpu=fpv4-sp-d16 -mfloat-abi=hard -mthumb -Wl,--start-group -lc -lm -Wl,--end-group
Finished building target: Robomaster_New_Code.elf
 
arm-none-eabi-size   Robomaster_New_Code.elf 
arm-none-eabi-objdump -h -S  Robomaster_New_Code.elf  > "Robomaster_New_Code.list"
arm-none-eabi-objcopy  -O binary  Robomaster_New_Code.elf  "Robomaster_New_Code.bin"
   text	   data	    bss	    dec	    hex	filename
  22364	     20	   2320	  24704	   6080	Robomaster_New_Code.elf
Finished building: default.size.stdout
 
Finished building: Robomaster_New_Code.bin
 
Finished building: Robomaster_New_Code.list
 
16:38:28 **** Incremental Build of configuration Debug for project Robomaster_New_Code ****
make -j8 all 
arm-none-eabi-size   Robomaster_New_Code.elf 
   text	   data	    bss	    dec	    hex	filename
  22364	     20	   2320	  24704	   6080	Robomaster_New_Code.elf
Finished building: default.size.stdout
 
16:44:08 **** Incremental Build of configuration Debug for project Robomaster_New_Code ****
make -j8 all 
arm-none-eabi-gcc "../Core/Src/main.c" -mcpu=cortex-m4 -std=gnu11 -g3 -DDEBUG -DUSE_HAL_DRIVER -DSTM32F302x8 -c -I../Core/Inc -I../Drivers/STM32F3xx_HAL_Driver/Inc -I../Drivers/STM32F3xx_HAL_Driver/Inc/Legacy -I../Drivers/CMSIS/Device/ST/STM32F3xx/Include -I../Drivers/CMSIS/Include -O0 -ffunction-sections -fdata-sections -Wall -fstack-usage -MMD -MP -MF"Core/Src/main.d" -MT"Core/Src/main.o" --specs=nano.specs -mfpu=fpv4-sp-d16 -mfloat-abi=hard -mthumb -o "Core/Src/main.o"
arm-none-eabi-gcc -o "Robomaster_New_Code.elf" @"objects.list"   -mcpu=cortex-m4 -T"C:\NUS Robomaster\Robomaster\Robomaster_New_Code\STM32F302R8TX_FLASH.ld" --specs=nosys.specs -Wl,-Map="Robomaster_New_Code.map" -Wl,--gc-sections -static --specs=nano.specs -mfpu=fpv4-sp-d16 -mfloat-abi=hard -mthumb -Wl,--start-group -lc -lm -Wl,--end-group
Finished building target: Robomaster_New_Code.elf
 
arm-none-eabi-size   Robomaster_New_Code.elf 
arm-none-eabi-objdump -h -S  Robomaster_New_Code.elf  > "Robomaster_New_Code.list"
arm-none-eabi-objcopy  -O binary  Robomaster_New_Code.elf  "Robomaster_New_Code.bin"
   text	   data	    bss	    dec	    hex	filename
  22356	     20	   2320	  24696	   6078	Robomaster_New_Code.elf
Finished building: default.size.stdout
 
Finished building: Robomaster_New_Code.bin
 
Finished building: Robomaster_New_Code.list
 
16:44:33 **** Incremental Build of configuration Debug for project Robomaster_New_Code ****
make -j8 all 
arm-none-eabi-size   Robomaster_New_Code.elf 
   text	   data	    bss	    dec	    hex	filename
  22356	     20	   2320	  24696	   6078	Robomaster_New_Code.elf
Finished building: default.size.stdout
 
16:45:52 **** Incremental Build of configuration Debug for project Robomaster_New_Code ****
make -j8 all 
arm-none-eabi-size   Robomaster_New_Code.elf 
   text	   data	    bss	    dec	    hex	filename
  22356	     20	   2320	  24696	   6078	Robomaster_New_Code.elf
Finished building: default.size.stdout
 
16:47:00 **** Incremental Build of configuration Debug for project Robomaster_New_Code ****
make -j8 all 
arm-none-eabi-gcc "../Core/Src/main.c" -mcpu=cortex-m4 -std=gnu11 -g3 -DDEBUG -DUSE_HAL_DRIVER -DSTM32F302x8 -c -I../Core/Inc -I../Drivers/STM32F3xx_HAL_Driver/Inc -I../Drivers/STM32F3xx_HAL_Driver/Inc/Legacy -I../Drivers/CMSIS/Device/ST/STM32F3xx/Include -I../Drivers/CMSIS/Include -O0 -ffunction-sections -fdata-sections -Wall -fstack-usage -MMD -MP -MF"Core/Src/main.d" -MT"Core/Src/main.o" --specs=nano.specs -mfpu=fpv4-sp-d16 -mfloat-abi=hard -mthumb -o "Core/Src/main.o"
arm-none-eabi-gcc -o "Robomaster_New_Code.elf" @"objects.list"   -mcpu=cortex-m4 -T"C:\NUS Robomaster\Robomaster\Robomaster_New_Code\STM32F302R8TX_FLASH.ld" --specs=nosys.specs -Wl,-Map="Robomaster_New_Code.map" -Wl,--gc-sections -static --specs=nano.specs -mfpu=fpv4-sp-d16 -mfloat-abi=hard -mthumb -Wl,--start-group -lc -lm -Wl,--end-group
Finished building target: Robomaster_New_Code.elf
 
arm-none-eabi-size   Robomaster_New_Code.elf 
arm-none-eabi-objdump -h -S  Robomaster_New_Code.elf  > "Robomaster_New_Code.list"
arm-none-eabi-objcopy  -O binary  Robomaster_New_Code.elf  "Robomaster_New_Code.bin"
   text	   data	    bss	    dec	    hex	filename
  22352	     20	   2320	  24692	   6074	Robomaster_New_Code.elf
Finished building: default.size.stdout
 
Finished building: Robomaster_New_Code.bin
 
Finished building: Robomaster_New_Code.list
 
16:49:01 **** Incremental Build of configuration Debug for project Robomaster_New_Code ****
make -j8 all 
arm-none-eabi-gcc "../Core/Src/main.c" -mcpu=cortex-m4 -std=gnu11 -g3 -DDEBUG -DUSE_HAL_DRIVER -DSTM32F302x8 -c -I../Core/Inc -I../Drivers/STM32F3xx_HAL_Driver/Inc -I../Drivers/STM32F3xx_HAL_Driver/Inc/Legacy -I../Drivers/CMSIS/Device/ST/STM32F3xx/Include -I../Drivers/CMSIS/Include -O0 -ffunction-sections -fdata-sections -Wall -fstack-usage -MMD -MP -MF"Core/Src/main.d" -MT"Core/Src/main.o" --specs=nano.specs -mfpu=fpv4-sp-d16 -mfloat-abi=hard -mthumb -o "Core/Src/main.o"
arm-none-eabi-gcc -o "Robomaster_New_Code.elf" @"objects.list"   -mcpu=cortex-m4 -T"C:\NUS Robomaster\Robomaster\Robomaster_New_Code\STM32F302R8TX_FLASH.ld" --specs=nosys.specs -Wl,-Map="Robomaster_New_Code.map" -Wl,--gc-sections -static --specs=nano.specs -mfpu=fpv4-sp-d16 -mfloat-abi=hard -mthumb -Wl,--start-group -lc -lm -Wl,--end-group
Finished building target: Robomaster_New_Code.elf
 
arm-none-eabi-size   Robomaster_New_Code.elf 
arm-none-eabi-objdump -h -S  Robomaster_New_Code.elf  > "Robomaster_New_Code.list"
arm-none-eabi-objcopy  -O binary  Robomaster_New_Code.elf  "Robomaster_New_Code.bin"
   text	   data	    bss	    dec	    hex	filename
  22368	     20	   2320	  24708	   6084	Robomaster_New_Code.elf
Finished building: default.size.stdout
 
Finished building: Robomaster_New_Code.bin
 
Finished building: Robomaster_New_Code.list
 
16:50:20 **** Incremental Build of configuration Debug for project Robomaster_New_Code ****
make -j8 all 
arm-none-eabi-gcc "../Core/Src/main.c" -mcpu=cortex-m4 -std=gnu11 -g3 -DDEBUG -DUSE_HAL_DRIVER -DSTM32F302x8 -c -I../Core/Inc -I../Drivers/STM32F3xx_HAL_Driver/Inc -I../Drivers/STM32F3xx_HAL_Driver/Inc/Legacy -I../Drivers/CMSIS/Device/ST/STM32F3xx/Include -I../Drivers/CMSIS/Include -O0 -ffunction-sections -fdata-sections -Wall -fstack-usage -MMD -MP -MF"Core/Src/main.d" -MT"Core/Src/main.o" --specs=nano.specs -mfpu=fpv4-sp-d16 -mfloat-abi=hard -mthumb -o "Core/Src/main.o"
arm-none-eabi-gcc -o "Robomaster_New_Code.elf" @"objects.list"   -mcpu=cortex-m4 -T"C:\NUS Robomaster\Robomaster\Robomaster_New_Code\STM32F302R8TX_FLASH.ld" --specs=nosys.specs -Wl,-Map="Robomaster_New_Code.map" -Wl,--gc-sections -static --specs=nano.specs -mfpu=fpv4-sp-d16 -mfloat-abi=hard -mthumb -Wl,--start-group -lc -lm -Wl,--end-group
Finished building target: Robomaster_New_Code.elf
 
arm-none-eabi-size   Robomaster_New_Code.elf 
arm-none-eabi-objdump -h -S  Robomaster_New_Code.elf  > "Robomaster_New_Code.list"
arm-none-eabi-objcopy  -O binary  Robomaster_New_Code.elf  "Robomaster_New_Code.bin"
   text	   data	    bss	    dec	    hex	filename
  22368	     20	   2320	  24708	   6084	Robomaster_New_Code.elf
Finished building: default.size.stdout
 
Finished building: Robomaster_New_Code.bin
 
Finished building: Robomaster_New_Code.list
 
16:50:21 **** Incremental Build of configuration Debug for project Robomaster_New_Code ****
make -j8 all 
arm-none-eabi-size   Robomaster_New_Code.elf 
   text	   data	    bss	    dec	    hex	filename
  22368	     20	   2320	  24708	   6084	Robomaster_New_Code.elf
Finished building: default.size.stdout
 
16:50:42 **** Incremental Build of configuration Debug for project Robomaster_New_Code ****
make -j8 all 
arm-none-eabi-size   Robomaster_New_Code.elf 
   text	   data	    bss	    dec	    hex	filename
  22368	     20	   2320	  24708	   6084	Robomaster_New_Code.elf
Finished building: default.size.stdout
 
