main.c:88:6:brushStart	4	static
main.c:93:6:brushStop	4	static
main.c:98:6:Stop	4	static
main.c:106:6:moveForward	16	static
main.c:114:6:moveBackward	4	static
main.c:119:6:rotateLeft	16	static
main.c:127:6:rotateRight	16	static
main.c:135:6:HAL_GPIO_EXTI_Callback	16	static
main.c:178:6:move	8	static
main.c:198:5:main	8	static
main.c:292:6:SystemClock_Config	120	static
main.c:341:13:MX_TIM1_Init	96	static
main.c:423:13:MX_TIM2_Init	40	static
main.c:468:13:MX_TIM6_Init	24	static
main.c:506:13:MX_TIM17_Init	80	static
main.c:569:13:MX_USART1_UART_Init	8	static
main.c:604:13:MX_USART2_UART_Init	8	static
main.c:637:13:MX_DMA_Init	16	static
main.c:655:13:MX_GPIO_Init	48	static
main.c:723:6:Error_Handler	4	static,ignoring_inline_asm
